// Jest Snapshot v1, https://goo.gl/fbAQLP

exports[`Should render pokemon text thumbnail correctly 1`] = `
<button
  className="MuiButtonBase-root"
  disabled={false}
  onBlur={[Function]}
  onClick={[MockFunction]}
  onDragLeave={[Function]}
  onFocus={[Function]}
  onKeyDown={[Function]}
  onKeyUp={[Function]}
  onMouseDown={[Function]}
  onMouseLeave={[Function]}
  onMouseUp={[Function]}
  onTouchEnd={[Function]}
  onTouchMove={[Function]}
  onTouchStart={[Function]}
  tabIndex={0}
  type="button"
>
  <div
    className="MuiPaper-root MuiCard-root makeStyles-root-4 MuiPaper-elevation1 MuiPaper-rounded"
  >
    <button
      className="MuiButtonBase-root MuiCardActionArea-root"
      disabled={false}
      onBlur={[Function]}
      onDragLeave={[Function]}
      onFocus={[Function]}
      onKeyDown={[Function]}
      onKeyUp={[Function]}
      onMouseDown={[Function]}
      onMouseLeave={[Function]}
      onMouseUp={[Function]}
      onTouchEnd={[Function]}
      onTouchMove={[Function]}
      onTouchStart={[Function]}
      tabIndex={0}
      type="button"
    >
      <div
        className="MuiCardContent-root"
      >
        <h5
          className="MuiTypography-root MuiTypography-h5 MuiTypography-gutterBottom"
        >
          bulbasaur
        </h5>
      </div>
      <span
        className="MuiCardActionArea-focusHighlight"
      />
    </button>
  </div>
</button>
`;
