// Jest Snapshot v1, https://goo.gl/fbAQLP

exports[`Should render pokemon card correctly 1`] = `
<div
  className="MuiPaper-root MuiCard-root makeStyles-root-1 MuiPaper-elevation1 MuiPaper-rounded"
>
  <button
    className="MuiButtonBase-root MuiCardActionArea-root"
    disabled={false}
    onBlur={[Function]}
    onDragLeave={[Function]}
    onFocus={[Function]}
    onKeyDown={[Function]}
    onKeyUp={[Function]}
    onMouseDown={[Function]}
    onMouseLeave={[Function]}
    onMouseUp={[Function]}
    onTouchEnd={[Function]}
    onTouchMove={[Function]}
    onTouchStart={[Function]}
    tabIndex={0}
    type="button"
  >
    <a
      className="MuiTypography-root MuiLink-root MuiLink-underlineHover MuiTypography-colorPrimary"
      href=""
      onBlur={[Function]}
      onFocus={[Function]}
    >
      <div
        className="MuiCardMedia-root makeStyles-media-2"
        title="bulbasaur"
      />
    </a>
    <div
      className="MuiCardContent-root"
    >
      <h2
        className="MuiTypography-root MuiTypography-h5 MuiTypography-gutterBottom"
      >
        bulbasaur
      </h2>
      <p
        className="MuiTypography-root MuiTypography-body2 MuiTypography-colorTextSecondary"
      >
        Types: 
        grass
      </p>
      <p
        className="MuiTypography-root MuiTypography-body2 MuiTypography-colorTextSecondary"
      >
        Abilities: 
        move1, move2
      </p>
    </div>
    <span
      className="MuiCardActionArea-focusHighlight"
    />
  </button>
</div>
`;
